Archive member included to satisfy reference by file (symbol)

c:/users/miked/stm32cubeide_1.3.0/stm32cubeide/plugins/com.st.stm32cube.ide.mcu.externaltools.gnu-tools-for-stm32.7-2018-q2-update.win32_1.0.0.201904181610/tools/bin/../lib/gcc/arm-none-eabi/7.3.1/../../../../arm-none-eabi/lib/thumb/v6-m\libc_nano.a(lib_a-errno.o)
                              Core/Src/syscalls.o (__errno)
c:/users/miked/stm32cubeide_1.3.0/stm32cubeide/plugins/com.st.stm32cube.ide.mcu.externaltools.gnu-tools-for-stm32.7-2018-q2-update.win32_1.0.0.201904181610/tools/bin/../lib/gcc/arm-none-eabi/7.3.1/../../../../arm-none-eabi/lib/thumb/v6-m\libc_nano.a(lib_a-exit.o)
                              c:/users/miked/stm32cubeide_1.3.0/stm32cubeide/plugins/com.st.stm32cube.ide.mcu.externaltools.gnu-tools-for-stm32.7-2018-q2-update.win32_1.0.0.201904181610/tools/bin/../lib/gcc/arm-none-eabi/7.3.1/../../../../arm-none-eabi/lib/thumb/v6-m/crt0.o (exit)
c:/users/miked/stm32cubeide_1.3.0/stm32cubeide/plugins/com.st.stm32cube.ide.mcu.externaltools.gnu-tools-for-stm32.7-2018-q2-update.win32_1.0.0.201904181610/tools/bin/../lib/gcc/arm-none-eabi/7.3.1/../../../../arm-none-eabi/lib/thumb/v6-m\libc_nano.a(lib_a-impure.o)
                              c:/users/miked/stm32cubeide_1.3.0/stm32cubeide/plugins/com.st.stm32cube.ide.mcu.externaltools.gnu-tools-for-stm32.7-2018-q2-update.win32_1.0.0.201904181610/tools/bin/../lib/gcc/arm-none-eabi/7.3.1/../../../../arm-none-eabi/lib/thumb/v6-m\libc_nano.a(lib_a-exit.o) (_global_impure_ptr)
c:/users/miked/stm32cubeide_1.3.0/stm32cubeide/plugins/com.st.stm32cube.ide.mcu.externaltools.gnu-tools-for-stm32.7-2018-q2-update.win32_1.0.0.201904181610/tools/bin/../lib/gcc/arm-none-eabi/7.3.1/../../../../arm-none-eabi/lib/thumb/v6-m\libc_nano.a(lib_a-init.o)
                              c:/users/miked/stm32cubeide_1.3.0/stm32cubeide/plugins/com.st.stm32cube.ide.mcu.externaltools.gnu-tools-for-stm32.7-2018-q2-update.win32_1.0.0.201904181610/tools/bin/../lib/gcc/arm-none-eabi/7.3.1/../../../../arm-none-eabi/lib/thumb/v6-m/crt0.o (__libc_init_array)
c:/users/miked/stm32cubeide_1.3.0/stm32cubeide/plugins/com.st.stm32cube.ide.mcu.externaltools.gnu-tools-for-stm32.7-2018-q2-update.win32_1.0.0.201904181610/tools/bin/../lib/gcc/arm-none-eabi/7.3.1/../../../../arm-none-eabi/lib/thumb/v6-m\libc_nano.a(lib_a-memcpy-stub.o)
                              Core/Src/LoRa.o (memcpy)
c:/users/miked/stm32cubeide_1.3.0/stm32cubeide/plugins/com.st.stm32cube.ide.mcu.externaltools.gnu-tools-for-stm32.7-2018-q2-update.win32_1.0.0.201904181610/tools/bin/../lib/gcc/arm-none-eabi/7.3.1/../../../../arm-none-eabi/lib/thumb/v6-m\libc_nano.a(lib_a-memset.o)
                              c:/users/miked/stm32cubeide_1.3.0/stm32cubeide/plugins/com.st.stm32cube.ide.mcu.externaltools.gnu-tools-for-stm32.7-2018-q2-update.win32_1.0.0.201904181610/tools/bin/../lib/gcc/arm-none-eabi/7.3.1/../../../../arm-none-eabi/lib/thumb/v6-m/crt0.o (memset)
c:/users/miked/stm32cubeide_1.3.0/stm32cubeide/plugins/com.st.stm32cube.ide.mcu.externaltools.gnu-tools-for-stm32.7-2018-q2-update.win32_1.0.0.201904181610/tools/bin/../lib/gcc/arm-none-eabi/7.3.1/thumb/v6-m\libgcc.a(_udivsi3.o)
                              Core/Src/system_stm32l0xx.o (__aeabi_uidiv)
c:/users/miked/stm32cubeide_1.3.0/stm32cubeide/plugins/com.st.stm32cube.ide.mcu.externaltools.gnu-tools-for-stm32.7-2018-q2-update.win32_1.0.0.201904181610/tools/bin/../lib/gcc/arm-none-eabi/7.3.1/thumb/v6-m\libgcc.a(_divsi3.o)
                              Core/Src/LoRa.o (__aeabi_idiv)
c:/users/miked/stm32cubeide_1.3.0/stm32cubeide/plugins/com.st.stm32cube.ide.mcu.externaltools.gnu-tools-for-stm32.7-2018-q2-update.win32_1.0.0.201904181610/tools/bin/../lib/gcc/arm-none-eabi/7.3.1/thumb/v6-m\libgcc.a(_dvmd_tls.o)
                              c:/users/miked/stm32cubeide_1.3.0/stm32cubeide/plugins/com.st.stm32cube.ide.mcu.externaltools.gnu-tools-for-stm32.7-2018-q2-update.win32_1.0.0.201904181610/tools/bin/../lib/gcc/arm-none-eabi/7.3.1/thumb/v6-m\libgcc.a(_udivsi3.o) (__aeabi_idiv0)
c:/users/miked/stm32cubeide_1.3.0/stm32cubeide/plugins/com.st.stm32cube.ide.mcu.externaltools.gnu-tools-for-stm32.7-2018-q2-update.win32_1.0.0.201904181610/tools/bin/../lib/gcc/arm-none-eabi/7.3.1/thumb/v6-m\libgcc.a(_aeabi_uldivmod.o)
                              Core/Src/LoRa.o (__aeabi_uldivmod)
c:/users/miked/stm32cubeide_1.3.0/stm32cubeide/plugins/com.st.stm32cube.ide.mcu.externaltools.gnu-tools-for-stm32.7-2018-q2-update.win32_1.0.0.201904181610/tools/bin/../lib/gcc/arm-none-eabi/7.3.1/thumb/v6-m\libgcc.a(_udivmoddi4.o)
                              c:/users/miked/stm32cubeide_1.3.0/stm32cubeide/plugins/com.st.stm32cube.ide.mcu.externaltools.gnu-tools-for-stm32.7-2018-q2-update.win32_1.0.0.201904181610/tools/bin/../lib/gcc/arm-none-eabi/7.3.1/thumb/v6-m\libgcc.a(_aeabi_uldivmod.o) (__udivmoddi4)
[...]
Memory Configuration

Name             Origin             Length             Attributes
RAM              0x0000000020000000 0x0000000000005000 xrw
FLASH            0x0000000008000000 0x0000000000030000 xr
*default*        0x0000000000000000 0xffffffffffffffff

Linker script and memory map

LOAD c:/users/miked/stm32cubeide_1.3.0/stm32cubeide/plugins/com.st.stm32cube.ide.mcu.externaltools.gnu-tools-for-stm32.7-2018-q2-update.win32_1.0.0.201904181610/tools/bin/../lib/gcc/arm-none-eabi/7.3.1/thumb/v6-m/crti.o
LOAD c:/users/miked/stm32cubeide_1.3.0/stm32cubeide/plugins/com.st.stm32cube.ide.mcu.externaltools.gnu-tools-for-stm32.7-2018-q2-update.win32_1.0.0.201904181610/tools/bin/../lib/gcc/arm-none-eabi/7.3.1/thumb/v6-m/crtbegin.o
LOAD c:/users/miked/stm32cubeide_1.3.0/stm32cubeide/plugins/com.st.stm32cube.ide.mcu.externaltools.gnu-tools-for-stm32.7-2018-q2-update.win32_1.0.0.201904181610/tools/bin/../lib/gcc/arm-none-eabi/7.3.1/../../../../arm-none-eabi/lib/thumb/v6-m/crt0.o
LOAD Core/Src/LoRa.o
LOAD Core/Src/main.o
LOAD Core/Src/stm32l0xx_hal_msp.o
LOAD Core/Src/stm32l0xx_it.o
LOAD Core/Src/syscalls.o
LOAD Core/Src/sysmem.o
LOAD Core/Src/system_stm32l0xx.o
LOAD Core/Startup/startup_stm32l073cztx.o
LOAD Drivers/STM32L0xx_HAL_Driver/Src/stm32l0xx_hal.o
LOAD Drivers/STM32L0xx_HAL_Driver/Src/stm32l0xx_hal_cortex.o
LOAD Drivers/STM32L0xx_HAL_Driver/Src/stm32l0xx_hal_dma.o
LOAD Drivers/STM32L0xx_HAL_Driver/Src/stm32l0xx_hal_flash.o
LOAD Drivers/STM32L0xx_HAL_Driver/Src/stm32l0xx_hal_flash_ex.o
LOAD Drivers/STM32L0xx_HAL_Driver/Src/stm32l0xx_hal_flash_ramfunc.o
LOAD Drivers/STM32L0xx_HAL_Driver/Src/stm32l0xx_hal_gpio.o
LOAD Drivers/STM32L0xx_HAL_Driver/Src/stm32l0xx_hal_i2c.o
LOAD Drivers/STM32L0xx_HAL_Driver/Src/stm32l0xx_hal_i2c_ex.o
LOAD Drivers/STM32L0xx_HAL_Driver/Src/stm32l0xx_hal_pcd.o
LOAD Drivers/STM32L0xx_HAL_Driver/Src/stm32l0xx_hal_pcd_ex.o
LOAD Drivers/STM32L0xx_HAL_Driver/Src/stm32l0xx_hal_pwr.o
LOAD Drivers/STM32L0xx_HAL_Driver/Src/stm32l0xx_hal_pwr_ex.o
LOAD Drivers/STM32L0xx_HAL_Driver/Src/stm32l0xx_hal_rcc.o
LOAD Drivers/STM32L0xx_HAL_Driver/Src/stm32l0xx_hal_rcc_ex.o
LOAD Drivers/STM32L0xx_HAL_Driver/Src/stm32l0xx_hal_spi.o
LOAD Drivers/STM32L0xx_HAL_Driver/Src/stm32l0xx_hal_tim.o
LOAD Drivers/STM32L0xx_HAL_Driver/Src/stm32l0xx_hal_tim_ex.o
LOAD Drivers/STM32L0xx_HAL_Driver/Src/stm32l0xx_ll_usb.o
START GROUP
LOAD c:/users/miked/stm32cubeide_1.3.0/stm32cubeide/plugins/com.st.stm32cube.ide.mcu.externaltools.gnu-tools-for-stm32.7-2018-q2-update.win32_1.0.0.201904181610/tools/bin/../lib/gcc/arm-none-eabi/7.3.1/../../../../arm-none-eabi/lib/thumb/v6-m\libc_nano.a
LOAD c:/users/miked/stm32cubeide_1.3.0/stm32cubeide/plugins/com.st.stm32cube.ide.mcu.externaltools.gnu-tools-for-stm32.7-2018-q2-update.win32_1.0.0.201904181610/tools/bin/../lib/gcc/arm-none-eabi/7.3.1/../../../../arm-none-eabi/lib/thumb/v6-m\libm.a
END GROUP
START GROUP
LOAD c:/users/miked/stm32cubeide_1.3.0/stm32cubeide/plugins/com.st.stm32cube.ide.mcu.externaltools.gnu-tools-for-stm32.7-2018-q2-update.win32_1.0.0.201904181610/tools/bin/../lib/gcc/arm-none-eabi/7.3.1/thumb/v6-m\libgcc.a
LOAD c:/users/miked/stm32cubeide_1.3.0/stm32cubeide/plugins/com.st.stm32cube.ide.mcu.externaltools.gnu-tools-for-stm32.7-2018-q2-update.win32_1.0.0.201904181610/tools/bin/../lib/gcc/arm-none-eabi/7.3.1/../../../../arm-none-eabi/lib/thumb/v6-m\libc_nano.a
END GROUP
START GROUP
LOAD c:/users/miked/stm32cubeide_1.3.0/stm32cubeide/plugins/com.st.stm32cube.ide.mcu.externaltools.gnu-tools-for-stm32.7-2018-q2-update.win32_1.0.0.201904181610/tools/bin/../lib/gcc/arm-none-eabi/7.3.1/thumb/v6-m\libgcc.a
LOAD c:/users/miked/stm32cubeide_1.3.0/stm32cubeide/plugins/com.st.stm32cube.ide.mcu.externaltools.gnu-tools-for-stm32.7-2018-q2-update.win32_1.0.0.201904181610/tools/bin/../lib/gcc/arm-none-eabi/7.3.1/../../../../arm-none-eabi/lib/thumb/v6-m\libc_nano.a
LOAD c:/users/miked/stm32cubeide_1.3.0/stm32cubeide/plugins/com.st.stm32cube.ide.mcu.externaltools.gnu-tools-for-stm32.7-2018-q2-update.win32_1.0.0.201904181610/tools/bin/../lib/gcc/arm-none-eabi/7.3.1/../../../../arm-none-eabi/lib/thumb/v6-m\libnosys.a
END GROUP
START GROUP
LOAD c:/users/miked/stm32cubeide_1.3.0/stm32cubeide/plugins/com.st.stm32cube.ide.mcu.externaltools.gnu-tools-for-stm32.7-2018-q2-update.win32_1.0.0.201904181610/tools/bin/../lib/gcc/arm-none-eabi/7.3.1/thumb/v6-m\libgcc.a
LOAD c:/users/miked/stm32cubeide_1.3.0/stm32cubeide/plugins/com.st.stm32cube.ide.mcu.externaltools.gnu-tools-for-stm32.7-2018-q2-update.win32_1.0.0.201904181610/tools/bin/../lib/gcc/arm-none-eabi/7.3.1/../../../../arm-none-eabi/lib/thumb/v6-m\libc_nano.a
LOAD c:/users/miked/stm32cubeide_1.3.0/stm32cubeide/plugins/com.st.stm32cube.ide.mcu.externaltools.gnu-tools-for-stm32.7-2018-q2-update.win32_1.0.0.201904181610/tools/bin/../lib/gcc/arm-none-eabi/7.3.1/../../../../arm-none-eabi/lib/thumb/v6-m\libnosys.a
END GROUP
LOAD c:/users/miked/stm32cubeide_1.3.0/stm32cubeide/plugins/com.st.stm32cube.ide.mcu.externaltools.gnu-tools-for-stm32.7-2018-q2-update.win32_1.0.0.201904181610/tools/bin/../lib/gcc/arm-none-eabi/7.3.1/thumb/v6-m/crtend.o
LOAD c:/users/miked/stm32cubeide_1.3.0/stm32cubeide/plugins/com.st.stm32cube.ide.mcu.externaltools.gnu-tools-for-stm32.7-2018-q2-update.win32_1.0.0.201904181610/tools/bin/../lib/gcc/arm-none-eabi/7.3.1/thumb/v6-m/crtn.o
                0x0000000020005000                _estack = (ORIGIN (RAM) + LENGTH (RAM))
                0x0000000000000200                _Min_Heap_Size = 0x200
                0x0000000000000400                _Min_Stack_Size = 0x400

.isr_vector     0x0000000008000000       0xc0
                0x0000000008000000                . = ALIGN (0x4)
 *(.isr_vector)
 .isr_vector    0x0000000008000000       0xc0 Core/Startup/startup_stm32l073cztx.o
                0x0000000008000000                g_pfnVectors
                0x00000000080000c0                . = ALIGN (0x4)

.text           0x00000000080000c0     0x36f4
                0x00000000080000c0                . = ALIGN (0x4)
 *(.text)
 .text          0x00000000080000c0       0x48 c:/users/miked/stm32cubeide_1.3.0/stm32cubeide/plugins/com.st.stm32cube.ide.mcu.externaltools.gnu-tools-for-stm32.7-2018-q2-update.win32_1.0.0.201904181610/tools/bin/../lib/gcc/arm-none-eabi/7.3.1/thumb/v6-m/crtbegin.o
 .text          0x0000000008000108      0x114 c:/users/miked/stm32cubeide_1.3.0/stm32cubeide/plugins/com.st.stm32cube.ide.mcu.externaltools.gnu-tools-for-stm32.7-2018-q2-update.win32_1.0.0.201904181610/tools/bin/../lib/gcc/arm-none-eabi/7.3.1/thumb/v6-m\libgcc.a(_udivsi3.o)
                0x0000000008000108                __aeabi_uidiv
                0x0000000008000108                __udivsi3
                0x0000000008000214                __aeabi_uidivmod
 .text          0x000000000800021c      0x1d4 c:/users/miked/stm32cubeide_1.3.0/stm32cubeide/plugins/com.st.stm32cube.ide.mcu.externaltools.gnu-tools-for-stm32.7-2018-q2-update.win32_1.0.0.201904181610/tools/bin/../lib/gcc/arm-none-eabi/7.3.1/thumb/v6-m\libgcc.a(_divsi3.o)
                0x000000000800021c                __divsi3
                0x000000000800021c                __aeabi_idiv
                0x00000000080003e8                __aeabi_idivmod
 .text          0x00000000080003f0        0x4 c:/users/miked/stm32cubeide_1.3.0/stm32cubeide/plugins/com.st.stm32cube.ide.mcu.externaltools.gnu-tools-for-stm32.7-2018-q2-update.win32_1.0.0.201904181610/tools/bin/../lib/gcc/arm-none-eabi/7.3.1/thumb/v6-m\libgcc.a(_dvmd_tls.o)
                0x00000000080003f0                __aeabi_idiv0
                0x00000000080003f0                __aeabi_ldiv0
 .text          0x00000000080003f4       0x40 c:/users/miked/stm32cubeide_1.3.0/stm32cubeide/plugins/com.st.stm32cube.ide.mcu.externaltools.gnu-tools-for-stm32.7-2018-q2-update.win32_1.0.0.201904181610/tools/bin/../lib/gcc/arm-none-eabi/7.3.1/thumb/v6-m\libgcc.a(_aeabi_uldivmod.o)
                0x00000000080003f4                __aeabi_uldivmod
 .text          0x0000000008000434      0x184 c:/users/miked/stm32cubeide_1.3.0/stm32cubeide/plugins/com.st.stm32cube.ide.mcu.externaltools.gnu-tools-for-stm32.7-2018-q2-update.win32_1.0.0.201904181610/tools/bin/../lib/gcc/arm-none-eabi/7.3.1/thumb/v6-m\libgcc.a(_udivmoddi4.o)
                0x0000000008000434                __udivmoddi4
 .text          0x00000000080005b8       0x18 c:/users/miked/stm32cubeide_1.3.0/stm32cubeide/plugins/com.st.stm32cube.ide.mcu.externaltools.gnu-tools-for-stm32.7-2018-q2-update.win32_1.0.0.201904181610/tools/bin/../lib/gcc/arm-none-eabi/7.3.1/thumb/v6-m\libgcc.a(_clzdi2.o)
                0x00000000080005b8                __clzdi2
 .text          0x00000000080005d0       0x3c c:/users/miked/stm32cubeide_1.3.0/stm32cubeide/plugins/com.st.stm32cube.ide.mcu.externaltools.gnu-tools-for-stm32.7-2018-q2-update.win32_1.0.0.201904181610/tools/bin/../lib/gcc/arm-none-eabi/7.3.1/thumb/v6-m\libgcc.a(_clzsi2.o)
                0x00000000080005d0                __clzsi2
 *(.text*)
 .text.LoRa_Init
                0x000000000800060c      0x118 Core/Src/LoRa.o
                0x000000000800060c                LoRa_Init
 .text.LoRa_expMode
                0x0000000008000724       0x40 Core/Src/LoRa.o
                0x0000000008000724                LoRa_expMode
 .text.SyncWordSet
                0x0000000008000764       0x22 Core/Src/LoRa.o
                0x0000000008000764                SyncWordSet
 *fill*         0x0000000008000786        0x2 
 .text.available
                0x0000000008000788       0x2c Core/Src/LoRa.o
                0x0000000008000788                available
 .text.LoRa_changePreamble
                0x00000000080007b4       0x4c Core/Src/LoRa.o
                0x00000000080007b4                LoRa_changePreamble
 .text.parsePacket
                0x0000000008000800      0x10c Core/Src/LoRa.o
                0x0000000008000800                parsePacket
 .text.recive   0x000000000800090c       0xbc Core/Src/LoRa.o
                0x000000000800090c                recive
 .text.ReadPackage
                0x00000000080009c8       0x38 Core/Src/LoRa.o
                0x00000000080009c8                ReadPackage
 .text.headerPacket
                0x0000000008000a00       0x4e Core/Src/LoRa.o
                0x0000000008000a00                headerPacket
 *fill*         0x0000000008000a4e        0x2 
 .text.endPacket
                0x0000000008000a50       0x4c Core/Src/LoRa.o
                0x0000000008000a50                endPacket
 .text.setTx    0x0000000008000a9c       0xb8 Core/Src/LoRa.o
                0x0000000008000a9c                setTx
 .text.setOCP   0x0000000008000b54       0x88 Core/Src/LoRa.o
                0x0000000008000b54                setOCP
 .text.Write_Massage
                0x0000000008000bdc       0x94 Core/Src/LoRa.o
                0x0000000008000bdc                Write_Massage
 .text.LoRa_impMode
                0x0000000008000c70       0x40 Core/Src/LoRa.o
                0x0000000008000c70                LoRa_impMode
 .text.LoRa_DisableCRC
                0x0000000008000cb0       0x38 Core/Src/LoRa.o
                0x0000000008000cb0                LoRa_DisableCRC
 .text.LoRa_setFrequency
                0x0000000008000ce8       0xa0 Core/Src/LoRa.o
                0x0000000008000ce8                LoRa_setFrequency
 .text.LoRa_setSpreadingfactor
                0x0000000008000d88       0xa0 Core/Src/LoRa.o
                0x0000000008000d88                LoRa_setSpreadingfactor
 .text.isTransmitting
                0x0000000008000e28       0x64 Core/Src/LoRa.o
                0x0000000008000e28                isTransmitting
 .text.LoRa_Sleep
                0x0000000008000e8c       0x40 Core/Src/LoRa.o
                0x0000000008000e8c                LoRa_Sleep
 .text.LoRa_STD
                0x0000000008000ecc       0x38 Core/Src/LoRa.o
                0x0000000008000ecc                LoRa_STD
 .text.LoRa_Write
                0x0000000008000f04       0x80 Core/Src/LoRa.o
                0x0000000008000f04                LoRa_Write
 .text.LoRa_Read
                0x0000000008000f84       0x8c Core/Src/LoRa.o
                0x0000000008000f84                LoRa_Read
 .text.main     0x0000000008001010       0x64 Core/Src/main.o
                0x0000000008001010                main
 .text.SystemClock_Config
                0x0000000008001074       0xd0 Core/Src/main.o
                0x0000000008001074                SystemClock_Config
 .text.MX_SPI1_Init
                0x0000000008001144       0x70 Core/Src/main.o
 .text.MX_USB_PCD_Init
                0x00000000080011b4       0x4c Core/Src/main.o
 .text.MX_GPIO_Init
                0x0000000008001200      0x11c Core/Src/main.o
 .text.Error_Handler
                0x000000000800131c        0xa Core/Src/main.o
                0x000000000800131c                Error_Handler
 *fill*         0x0000000008001326        0x2 
 .text.HAL_MspInit
                0x0000000008001328       0x28 Core/Src/stm32l0xx_hal_msp.o
                0x0000000008001328                HAL_MspInit
 .text.HAL_SPI_MspInit
                0x0000000008001350       0x88 Core/Src/stm32l0xx_hal_msp.o
                0x0000000008001350                HAL_SPI_MspInit
 .text.HAL_PCD_MspInit
                0x00000000080013d8       0x30 Core/Src/stm32l0xx_hal_msp.o
                0x00000000080013d8                HAL_PCD_MspInit
 .text.NMI_Handler
                0x0000000008001408        0xa Core/Src/stm32l0xx_it.o
                0x0000000008001408                NMI_Handler
 .text.HardFault_Handler
                0x0000000008001412        0x6 Core/Src/stm32l0xx_it.o
                0x0000000008001412                HardFault_Handler
 .text.SVC_Handler
                0x0000000008001418        0xa Core/Src/stm32l0xx_it.o
                0x0000000008001418                SVC_Handler
 .text.PendSV_Handler
                0x0000000008001422        0xa Core/Src/stm32l0xx_it.o
                0x0000000008001422                PendSV_Handler
 .text.SysTick_Handler
                0x000000000800142c        0xe Core/Src/stm32l0xx_it.o
                0x000000000800142c                SysTick_Handler
 *fill*         0x000000000800143a        0x2 
 .text.SystemInit
                0x000000000800143c       0x7c Core/Src/system_stm32l0xx.o
                0x000000000800143c                SystemInit
 .text.Reset_Handler
                0x00000000080014b8       0x50 Core/Startup/startup_stm32l073cztx.o
                0x00000000080014b8                Reset_Handler
 .text.Default_Handler
                0x0000000008001508        0x2 Core/Startup/startup_stm32l073cztx.o
                0x0000000008001508                TSC_IRQHandler
                0x0000000008001508                ADC1_COMP_IRQHandler
                0x0000000008001508                PVD_IRQHandler
                0x0000000008001508                I2C1_IRQHandler
                0x0000000008001508                RCC_CRS_IRQHandler
                0x0000000008001508                SPI1_IRQHandler
                0x0000000008001508                TIM6_DAC_IRQHandler
                0x0000000008001508                EXTI2_3_IRQHandler
                0x0000000008001508                I2C2_IRQHandler
                0x0000000008001508                RTC_IRQHandler
                0x0000000008001508                LCD_IRQHandler
                0x0000000008001508                DMA1_Channel4_5_6_7_IRQHandler
                0x0000000008001508                TIM3_IRQHandler
                0x0000000008001508                EXTI4_15_IRQHandler
                0x0000000008001508                DMA1_Channel1_IRQHandler
                0x0000000008001508                USART4_5_IRQHandler
                0x0000000008001508                Default_Handler
                0x0000000008001508                TIM22_IRQHandler
                0x0000000008001508                TIM7_IRQHandler
                0x0000000008001508                EXTI0_1_IRQHandler
                0x0000000008001508                USB_IRQHandler
                0x0000000008001508                I2C3_IRQHandler
                0x0000000008001508                SPI2_IRQHandler
                0x0000000008001508                TIM21_IRQHandler
                0x0000000008001508                WWDG_IRQHandler
                0x0000000008001508                TIM2_IRQHandler
                0x0000000008001508                DMA1_Channel2_3_IRQHandler
                0x0000000008001508                USART2_IRQHandler
                0x0000000008001508                FLASH_IRQHandler
                0x0000000008001508                USART1_IRQHandler
                0x0000000008001508                RNG_LPUART1_IRQHandler
                0x0000000008001508                LPTIM1_IRQHandler
 *fill*         0x000000000800150a        0x2 
 .text.HAL_Init
                0x000000000800150c       0x40 Drivers/STM32L0xx_HAL_Driver/Src/stm32l0xx_hal.o
                0x000000000800150c                HAL_Init
 .text.HAL_InitTick
                0x000000000800154c       0x54 Drivers/STM32L0xx_HAL_Driver/Src/stm32l0xx_hal.o
                0x000000000800154c                HAL_InitTick
 .text.HAL_IncTick
                0x00000000080015a0       0x18 Drivers/STM32L0xx_HAL_Driver/Src/stm32l0xx_hal.o
                0x00000000080015a0                HAL_IncTick
 .text.HAL_GetTick
                0x00000000080015b8       0x14 Drivers/STM32L0xx_HAL_Driver/Src/stm32l0xx_hal.o
                0x00000000080015b8                HAL_GetTick
 .text.HAL_Delay
                0x00000000080015cc       0x3a Drivers/STM32L0xx_HAL_Driver/Src/stm32l0xx_hal.o
                0x00000000080015cc                HAL_Delay
 *fill*         0x0000000008001606        0x2 
 .text.NVIC_SetPriority
                0x0000000008001608       0xdc Drivers/STM32L0xx_HAL_Driver/Src/stm32l0xx_hal_cortex.o
 .text.SysTick_Config
                0x00000000080016e4       0x48 Drivers/STM32L0xx_HAL_Driver/Src/stm32l0xx_hal_cortex.o
 .text.HAL_NVIC_SetPriority
                0x000000000800172c       0x2a Drivers/STM32L0xx_HAL_Driver/Src/stm32l0xx_hal_cortex.o
                0x000000000800172c                HAL_NVIC_SetPriority
 .text.HAL_SYSTICK_Config
                0x0000000008001756       0x1a Drivers/STM32L0xx_HAL_Driver/Src/stm32l0xx_hal_cortex.o
                0x0000000008001756                HAL_SYSTICK_Config
 .text.HAL_GPIO_Init
                0x0000000008001770      0x2fc Drivers/STM32L0xx_HAL_Driver/Src/stm32l0xx_hal_gpio.o
                0x0000000008001770                HAL_GPIO_Init
 .text.HAL_GPIO_WritePin
                0x0000000008001a6c       0x3a Drivers/STM32L0xx_HAL_Driver/Src/stm32l0xx_hal_gpio.o
                0x0000000008001a6c                HAL_GPIO_WritePin
 *fill*         0x0000000008001aa6        0x2 
 .text.HAL_PCD_Init
                0x0000000008001aa8      0x1e8 Drivers/STM32L0xx_HAL_Driver/Src/stm32l0xx_hal_pcd.o
                0x0000000008001aa8                HAL_PCD_Init
 .text.HAL_PCDEx_ActivateBCD
                0x0000000008001c90       0x4a Drivers/STM32L0xx_HAL_Driver/Src/stm32l0xx_hal_pcd_ex.o
                0x0000000008001c90                HAL_PCDEx_ActivateBCD
 .text.HAL_PCDEx_ActivateLPM
                0x0000000008001cda       0x54 Drivers/STM32L0xx_HAL_Driver/Src/stm32l0xx_hal_pcd_ex.o
                0x0000000008001cda                HAL_PCDEx_ActivateLPM
 *fill*         0x0000000008001d2e        0x2 
 .text.HAL_RCC_OscConfig
                0x0000000008001d30      0x7a0 Drivers/STM32L0xx_HAL_Driver/Src/stm32l0xx_hal_rcc.o
                0x0000000008001d30                HAL_RCC_OscConfig
 .text.HAL_RCC_ClockConfig
                0x00000000080024d0      0x254 Drivers/STM32L0xx_HAL_Driver/Src/stm32l0xx_hal_rcc.o
                0x00000000080024d0                HAL_RCC_ClockConfig
 .text.HAL_RCC_GetSysClockFreq
                0x0000000008002724       0xfc Drivers/STM32L0xx_HAL_Driver/Src/stm32l0xx_hal_rcc.o
                0x0000000008002724                HAL_RCC_GetSysClockFreq
 .text.HAL_RCCEx_PeriphCLKConfig
                0x0000000008002820      0x2e8 Drivers/STM32L0xx_HAL_Driver/Src/stm32l0xx_hal_rcc_ex.o
                0x0000000008002820                HAL_RCCEx_PeriphCLKConfig
 .text.HAL_SPI_Init
                0x0000000008002b08       0xd4 Drivers/STM32L0xx_HAL_Driver/Src/stm32l0xx_hal_spi.o
                0x0000000008002b08                HAL_SPI_Init
 .text.HAL_SPI_Transmit
                0x0000000008002bdc      0x29c Drivers/STM32L0xx_HAL_Driver/Src/stm32l0xx_hal_spi.o
                0x0000000008002bdc                HAL_SPI_Transmit
 .text.HAL_SPI_Receive
                0x0000000008002e78      0x23c Drivers/STM32L0xx_HAL_Driver/Src/stm32l0xx_hal_spi.o
                0x0000000008002e78                HAL_SPI_Receive
 .text.HAL_SPI_TransmitReceive
                0x00000000080030b4      0x378 Drivers/STM32L0xx_HAL_Driver/Src/stm32l0xx_hal_spi.o
                0x00000000080030b4                HAL_SPI_TransmitReceive
 .text.SPI_WaitFlagStateUntilTimeout
                0x000000000800342c       0xe0 Drivers/STM32L0xx_HAL_Driver/Src/stm32l0xx_hal_spi.o
 .text.SPI_EndRxTransaction
                0x000000000800350c       0xd4 Drivers/STM32L0xx_HAL_Driver/Src/stm32l0xx_hal_spi.o
 .text.SPI_EndRxTxTransaction
                0x00000000080035e0       0x7a Drivers/STM32L0xx_HAL_Driver/Src/stm32l0xx_hal_spi.o
 *fill*         0x000000000800365a        0x2 
 .text.USB_EnableGlobalInt
                0x000000000800365c       0x34 Drivers/STM32L0xx_HAL_Driver/Src/stm32l0xx_ll_usb.o
                0x000000000800365c                USB_EnableGlobalInt
 .text.USB_DisableGlobalInt
                0x0000000008003690       0x40 Drivers/STM32L0xx_HAL_Driver/Src/stm32l0xx_ll_usb.o
                0x0000000008003690                USB_DisableGlobalInt
 .text.USB_DevInit
                0x00000000080036d0       0x60 Drivers/STM32L0xx_HAL_Driver/Src/stm32l0xx_ll_usb.o
                0x00000000080036d0                USB_DevInit
 .text.__libc_init_array
                0x0000000008003730       0x48 c:/users/miked/stm32cubeide_1.3.0/stm32cubeide/plugins/com.st.stm32cube.ide.mcu.externaltools.gnu-tools-for-stm32.7-2018-q2-update.win32_1.0.0.201904181610/tools/bin/../lib/gcc/arm-none-eabi/7.3.1/../../../../arm-none-eabi/lib/thumb/v6-m\libc_nano.a(lib_a-init.o)
                0x0000000008003730                __libc_init_array
 .text.memcpy   0x0000000008003778       0x12 c:/users/miked/stm32cubeide_1.3.0/stm32cubeide/plugins/com.st.stm32cube.ide.mcu.externaltools.gnu-tools-for-stm32.7-2018-q2-update.win32_1.0.0.201904181610/tools/bin/../lib/gcc/arm-none-eabi/7.3.1/../../../../arm-none-eabi/lib/thumb/v6-m\libc_nano.a(lib_a-memcpy-stub.o)
                0x0000000008003778                memcpy
 .text.memset   0x000000000800378a       0x10 c:/users/miked/stm32cubeide_1.3.0/stm32cubeide/plugins/com.st.stm32cube.ide.mcu.externaltools.gnu-tools-for-stm32.7-2018-q2-update.win32_1.0.0.201904181610/tools/bin/../lib/gcc/arm-none-eabi/7.3.1/../../../../arm-none-eabi/lib/thumb/v6-m\libc_nano.a(lib_a-memset.o)
                0x000000000800378a                memset
 *(.glue_7)
 .glue_7        0x000000000800379a        0x0 linker stubs
 *(.glue_7t)
 .glue_7t       0x000000000800379a        0x0 linker stubs
 *(.eh_frame)
 *fill*         0x000000000800379a        0x2 
 .eh_frame      0x000000000800379c        0x0 c:/users/miked/stm32cubeide_1.3.0/stm32cubeide/plugins/com.st.stm32cube.ide.mcu.externaltools.gnu-tools-for-stm32.7-2018-q2-update.win32_1.0.0.201904181610/tools/bin/../lib/gcc/arm-none-eabi/7.3.1/thumb/v6-m/crtbegin.o
 *(.init)
 .init          0x000000000800379c        0x4 c:/users/miked/stm32cubeide_1.3.0/stm32cubeide/plugins/com.st.stm32cube.ide.mcu.externaltools.gnu-tools-for-stm32.7-2018-q2-update.win32_1.0.0.201904181610/tools/bin/../lib/gcc/arm-none-eabi/7.3.1/thumb/v6-m/crti.o
                0x000000000800379c                _init
 .init          0x00000000080037a0        0x8 c:/users/miked/stm32cubeide_1.3.0/stm32cubeide/plugins/com.st.stm32cube.ide.mcu.externaltools.gnu-tools-for-stm32.7-2018-q2-update.win32_1.0.0.201904181610/tools/bin/../lib/gcc/arm-none-eabi/7.3.1/thumb/v6-m/crtn.o
 *(.fini)
 .fini          0x00000000080037a8        0x4 c:/users/miked/stm32cubeide_1.3.0/stm32cubeide/plugins/com.st.stm32cube.ide.mcu.externaltools.gnu-tools-for-stm32.7-2018-q2-update.win32_1.0.0.201904181610/tools/bin/../lib/gcc/arm-none-eabi/7.3.1/thumb/v6-m/crti.o
                0x00000000080037a8                _fini
 .fini          0x00000000080037ac        0x8 c:/users/miked/stm32cubeide_1.3.0/stm32cubeide/plugins/com.st.stm32cube.ide.mcu.externaltools.gnu-tools-for-stm32.7-2018-q2-update.win32_1.0.0.201904181610/tools/bin/../lib/gcc/arm-none-eabi/7.3.1/thumb/v6-m/crtn.o
                0x00000000080037b4                . = ALIGN (0x4)
                0x00000000080037b4                _etext = .

.vfp11_veneer   0x00000000080037b4        0x0
 .vfp11_veneer  0x00000000080037b4        0x0 linker stubs

.v4_bx          0x00000000080037b4        0x0
 .v4_bx         0x00000000080037b4        0x0 linker stubs

.iplt           0x00000000080037b4        0x0
 .iplt          0x00000000080037b4        0x0 c:/users/miked/stm32cubeide_1.3.0/stm32cubeide/plugins/com.st.stm32cube.ide.mcu.externaltools.gnu-tools-for-stm32.7-2018-q2-update.win32_1.0.0.201904181610/tools/bin/../lib/gcc/arm-none-eabi/7.3.1/thumb/v6-m/crtbegin.o

.rodata         0x00000000080037b4       0x2c
                0x00000000080037b4                . = ALIGN (0x4)
 *(.rodata)
 .rodata        0x00000000080037b4        0xd Core/Src/main.o
 *(.rodata*)
 *fill*         0x00000000080037c1        0x3 
 .rodata.AHBPrescTable
                0x00000000080037c4       0x10 Core/Src/system_stm32l0xx.o
                0x00000000080037c4                AHBPrescTable
 .rodata.PLLMulTable
                0x00000000080037d4        0x9 Core/Src/system_stm32l0xx.o
                0x00000000080037d4                PLLMulTable
                0x00000000080037e0                . = ALIGN (0x4)
 *fill*         0x00000000080037dd        0x3 

.ARM.extab      0x00000000080037e0        0x0
                0x00000000080037e0                . = ALIGN (0x4)
 *(.ARM.extab* .gnu.linkonce.armextab.*)
                0x00000000080037e0                . = ALIGN (0x4)

.ARM            0x00000000080037e0        0x8
                0x00000000080037e0                . = ALIGN (0x4)
                0x00000000080037e0                __exidx_start = .
 *(.ARM.exidx*)
 .ARM.exidx     0x00000000080037e0        0x8 c:/users/miked/stm32cubeide_1.3.0/stm32cubeide/plugins/com.st.stm32cube.ide.mcu.externaltools.gnu-tools-for-stm32.7-2018-q2-update.win32_1.0.0.201904181610/tools/bin/../lib/gcc/arm-none-eabi/7.3.1/thumb/v6-m\libgcc.a(_udivmoddi4.o)
                0x00000000080037e8                __exidx_end = .
                0x00000000080037e8                . = ALIGN (0x4)

.rel.dyn        0x00000000080037e8        0x0
 .rel.iplt      0x00000000080037e8        0x0 c:/users/miked/stm32cubeide_1.3.0/stm32cubeide/plugins/com.st.stm32cube.ide.mcu.externaltools.gnu-tools-for-stm32.7-2018-q2-update.win32_1.0.0.201904181610/tools/bin/../lib/gcc/arm-none-eabi/7.3.1/thumb/v6-m/crtbegin.o

.preinit_array  0x00000000080037e8        0x0
                0x00000000080037e8                . = ALIGN (0x4)
                0x00000000080037e8                PROVIDE (__preinit_array_start = .)
 *(.preinit_array*)
                0x00000000080037e8                PROVIDE (__preinit_array_end = .)
                0x00000000080037e8                . = ALIGN (0x4)

.init_array     0x00000000080037e8        0x4
                0x00000000080037e8                . = ALIGN (0x4)
                0x00000000080037e8                PROVIDE (__init_array_start = .)
 *(SORT_BY_NAME(.init_array.*))
 *(.init_array*)
 .init_array    0x00000000080037e8        0x4 c:/users/miked/stm32cubeide_1.3.0/stm32cubeide/plugins/com.st.stm32cube.ide.mcu.externaltools.gnu-tools-for-stm32.7-2018-q2-update.win32_1.0.0.201904181610/tools/bin/../lib/gcc/arm-none-eabi/7.3.1/thumb/v6-m/crtbegin.o
                0x00000000080037ec                PROVIDE (__init_array_end = .)
                0x00000000080037ec                . = ALIGN (0x4)

.fini_array     0x00000000080037ec        0x4
                0x00000000080037ec                . = ALIGN (0x4)
                [!provide]                        PROVIDE (__fini_array_start = .)
 *(SORT_BY_NAME(.fini_array.*))
 *(.fini_array*)
 .fini_array    0x00000000080037ec        0x4 c:/users/miked/stm32cubeide_1.3.0/stm32cubeide/plugins/com.st.stm32cube.ide.mcu.externaltools.gnu-tools-for-stm32.7-2018-q2-update.win32_1.0.0.201904181610/tools/bin/../lib/gcc/arm-none-eabi/7.3.1/thumb/v6-m/crtbegin.o
                [!provide]                        PROVIDE (__fini_array_end = .)
                0x00000000080037f0                . = ALIGN (0x4)
                0x00000000080037f0                _sidata = LOADADDR (.data)

.data           0x0000000020000000        0x8 load address 0x00000000080037f0
                0x0000000020000000                . = ALIGN (0x4)
                0x0000000020000000                _sdata = .
 *(.data)
 *(.data*)
 .data.Select_chip
                0x0000000020000000        0x2 Core/Src/LoRa.o
                0x0000000020000000                Select_chip
 *fill*         0x0000000020000002        0x2 
 .data.SystemCoreClock
                0x0000000020000004        0x4 Core/Src/system_stm32l0xx.o
                0x0000000020000004                SystemCoreClock
                0x0000000020000008                . = ALIGN (0x4)
                0x0000000020000008                _edata = .

.igot.plt       0x0000000020000008        0x0 load address 0x00000000080037f8
 .igot.plt      0x0000000020000008        0x0 c:/users/miked/stm32cubeide_1.3.0/stm32cubeide/plugins/com.st.stm32cube.ide.mcu.externaltools.gnu-tools-for-stm32.7-2018-q2-update.win32_1.0.0.201904181610/tools/bin/../lib/gcc/arm-none-eabi/7.3.1/thumb/v6-m/crtbegin.o
                0x0000000020000008                . = ALIGN (0x4)

.bss            0x0000000020000008      0x360 load address 0x00000000080037f8
                0x0000000020000008                _sbss = .
                0x0000000020000008                __bss_start__ = _sbss
 *(.bss)
 .bss           0x0000000020000008       0x1c c:/users/miked/stm32cubeide_1.3.0/stm32cubeide/plugins/com.st.stm32cube.ide.mcu.externaltools.gnu-tools-for-stm32.7-2018-q2-update.win32_1.0.0.201904181610/tools/bin/../lib/gcc/arm-none-eabi/7.3.1/thumb/v6-m/crtbegin.o
 *(.bss*)
 .bss.mode      0x0000000020000024        0x1 Core/Src/LoRa.o
                0x0000000020000024                mode
 *fill*         0x0000000020000025        0x3 
 .bss.Sub       0x0000000020000028        0x1 Core/Src/LoRa.o
                0x0000000020000028                Sub
 *fill*         0x0000000020000029        0x3 
 .bss.packcount
                0x000000002000002c        0x4 Core/Src/LoRa.o
                0x000000002000002c                packcount
 .bss.reg       0x0000000020000030        0x2 Core/Src/LoRa.o
                0x0000000020000030                reg
 *(COMMON)
 *fill*         0x0000000020000032        0x2 
 COMMON         0x0000000020000034       0x64 Core/Src/LoRa.o
                0x0000000020000034                rc
                0x0000000020000038                install
                0x0000000020000040                spi
 COMMON         0x0000000020000098      0x2cc Core/Src/main.o
                0x0000000020000098                hspi1
                0x00000000200000f0                hpcd_USB_FS
 COMMON         0x0000000020000364        0x4 Drivers/STM32L0xx_HAL_Driver/Src/stm32l0xx_hal.o
                0x0000000020000364                uwTick
                0x0000000020000368                . = ALIGN (0x4)
                0x0000000020000368                _ebss = .
                0x0000000020000368                __bss_end__ = _ebss

._user_heap_stack
                0x0000000020000368      0x600 load address 0x00000000080037f8
                0x0000000020000368                . = ALIGN (0x8)
                0x0000000020000368                PROVIDE (end = .)
                [!provide]                        PROVIDE (_end = .)
                0x0000000020000568                . = (. + _Min_Heap_Size)
 *fill*         0x0000000020000368      0x200 
                0x0000000020000968                . = (. + _Min_Stack_Size)
 *fill*         0x0000000020000568      0x400 
                0x0000000020000968                . = ALIGN (0x8)

/DISCARD/
 libc.a(*)
 libm.a(*)
 libgcc.a(*)

.ARM.attributes
                0x0000000000000000       0x28
 *(.ARM.attributes)
 .ARM.attributes
                0x0000000000000000       0x1e c:/users/miked/stm32cubeide_1.3.0/stm32cubeide/plugins/com.st.stm32cube.ide.mcu.externaltools.gnu-tools-for-stm32.7-2018-q2-update.win32_1.0.0.201904181610/tools/bin/../lib/gcc/arm-none-eabi/7.3.1/thumb/v6-m/crti.o
 .ARM.attributes
                0x000000000000001e       0x2c c:/users/miked/stm32cubeide_1.3.0/stm32cubeide/plugins/com.st.stm32cube.ide.mcu.externaltools.gnu-tools-for-stm32.7-2018-q2-update.win32_1.0.0.201904181610/tools/bin/../lib/gcc/arm-none-eabi/7.3.1/thumb/v6-m/crtbegin.o
 .ARM.attributes
                0x000000000000004a       0x32 Core/Src/LoRa.o
 .ARM.attributes
                0x000000000000007c       0x32 Core/Src/main.o
 .ARM.attributes
                0x00000000000000ae       0x32 Core/Src/stm32l0xx_hal_msp.o
 .ARM.attributes
                0x00000000000000e0       0x32 Core/Src/stm32l0xx_it.o
 .ARM.attributes
                0x0000000000000112       0x32 Core/Src/system_stm32l0xx.o
 .ARM.attributes
                0x0000000000000144       0x22 Core/Startup/startup_stm32l073cztx.o
 .ARM.attributes
                0x0000000000000166       0x32 Drivers/STM32L0xx_HAL_Driver/Src/stm32l0xx_hal.o
 .ARM.attributes
                0x0000000000000198       0x32 Drivers/STM32L0xx_HAL_Driver/Src/stm32l0xx_hal_cortex.o
 .ARM.attributes
                0x00000000000001ca       0x32 Drivers/STM32L0xx_HAL_Driver/Src/stm32l0xx_hal_gpio.o
 .ARM.attributes
                0x00000000000001fc       0x32 Drivers/STM32L0xx_HAL_Driver/Src/stm32l0xx_hal_pcd.o
 .ARM.attributes
                0x000000000000022e       0x32 Drivers/STM32L0xx_HAL_Driver/Src/stm32l0xx_hal_pcd_ex.o
 .ARM.attributes
                0x0000000000000260       0x32 Drivers/STM32L0xx_HAL_Driver/Src/stm32l0xx_hal_rcc.o
 .ARM.attributes
                0x0000000000000292       0x32 Drivers/STM32L0xx_HAL_Driver/Src/stm32l0xx_hal_rcc_ex.o
 .ARM.attributes
                0x00000000000002c4       0x32 Drivers/STM32L0xx_HAL_Driver/Src/stm32l0xx_hal_spi.o
 .ARM.attributes
                0x00000000000002f6       0x32 Drivers/STM32L0xx_HAL_Driver/Src/stm32l0xx_ll_usb.o
 .ARM.attributes
                0x0000000000000328       0x2c c:/users/miked/stm32cubeide_1.3.0/stm32cubeide/plugins/com.st.stm32cube.ide.mcu.externaltools.gnu-tools-for-stm32.7-2018-q2-update.win32_1.0.0.201904181610/tools/bin/../lib/gcc/arm-none-eabi/7.3.1/../../../../arm-none-eabi/lib/thumb/v6-m\libc_nano.a(lib_a-init.o)
 .ARM.attributes
                0x0000000000000354       0x2c c:/users/miked/stm32cubeide_1.3.0/stm32cubeide/plugins/com.st.stm32cube.ide.mcu.externaltools.gnu-tools-for-stm32.7-2018-q2-update.win32_1.0.0.201904181610/tools/bin/../lib/gcc/arm-none-eabi/7.3.1/../../../../arm-none-eabi/lib/thumb/v6-m\libc_nano.a(lib_a-memcpy-stub.o)
 .ARM.attributes
                0x0000000000000380       0x2c c:/users/miked/stm32cubeide_1.3.0/stm32cubeide/plugins/com.st.stm32cube.ide.mcu.externaltools.gnu-tools-for-stm32.7-2018-q2-update.win32_1.0.0.201904181610/tools/bin/../lib/gcc/arm-none-eabi/7.3.1/../../../../arm-none-eabi/lib/thumb/v6-m\libc_nano.a(lib_a-memset.o)
 .ARM.attributes
                0x00000000000003ac       0x1e c:/users/miked/stm32cubeide_1.3.0/stm32cubeide/plugins/com.st.stm32cube.ide.mcu.externaltools.gnu-tools-for-stm32.7-2018-q2-update.win32_1.0.0.201904181610/tools/bin/../lib/gcc/arm-none-eabi/7.3.1/thumb/v6-m\libgcc.a(_udivsi3.o)
 .ARM.attributes
                0x00000000000003ca       0x1e c:/users/miked/stm32cubeide_1.3.0/stm32cubeide/plugins/com.st.stm32cube.ide.mcu.externaltools.gnu-tools-for-stm32.7-2018-q2-update.win32_1.0.0.201904181610/tools/bin/../lib/gcc/arm-none-eabi/7.3.1/thumb/v6-m\libgcc.a(_divsi3.o)
 .ARM.attributes
                0x00000000000003e8       0x1e c:/users/miked/stm32cubeide_1.3.0/stm32cubeide/plugins/com.st.stm32cube.ide.mcu.externaltools.gnu-tools-for-stm32.7-2018-q2-update.win32_1.0.0.201904181610/tools/bin/../lib/gcc/arm-none-eabi/7.3.1/thumb/v6-m\libgcc.a(_dvmd_tls.o)
 .ARM.attributes
                0x0000000000000406       0x1e c:/users/miked/stm32cubeide_1.3.0/stm32cubeide/plugins/com.st.stm32cube.ide.mcu.externaltools.gnu-tools-for-stm32.7-2018-q2-update.win32_1.0.0.201904181610/tools/bin/../lib/gcc/arm-none-eabi/7.3.1/thumb/v6-m\libgcc.a(_aeabi_uldivmod.o)
 .ARM.attributes
                0x0000000000000424       0x2c c:/users/miked/stm32cubeide_1.3.0/stm32cubeide/plugins/com.st.stm32cube.ide.mcu.externaltools.gnu-tools-for-stm32.7-2018-q2-update.win32_1.0.0.201904181610/tools/bin/../lib/gcc/arm-none-eabi/7.3.1/thumb/v6-m\libgcc.a(_udivmoddi4.o)
 .ARM.attributes
                0x0000000000000450       0x1e c:/users/miked/stm32cubeide_1.3.0/stm32cubeide/plugins/com.st.stm32cube.ide.mcu.externaltools.gnu-tools-for-stm32.7-2018-q2-update.win32_1.0.0.201904181610/tools/bin/../lib/gcc/arm-none-eabi/7.3.1/thumb/v6-m\libgcc.a(_clzdi2.o)
 .ARM.attributes
                0x000000000000046e       0x1e c:/users/miked/stm32cubeide_1.3.0/stm32cubeide/plugins/com.st.stm32cube.ide.mcu.externaltools.gnu-tools-for-stm32.7-2018-q2-update.win32_1.0.0.201904181610/tools/bin/../lib/gcc/arm-none-eabi/7.3.1/thumb/v6-m\libgcc.a(_clzsi2.o)
 .ARM.attributes
                0x000000000000048c       0x1e c:/users/miked/stm32cubeide_1.3.0/stm32cubeide/plugins/com.st.stm32cube.ide.mcu.externaltools.gnu-tools-for-stm32.7-2018-q2-update.win32_1.0.0.201904181610/tools/bin/../lib/gcc/arm-none-eabi/7.3.1/thumb/v6-m/crtn.o
OUTPUT(LoRa_fSTM32.elf elf32-littlearm)

.debug_info     0x0000000000000000     0x9b30
 .debug_info    0x0000000000000000      0xe50 Core/Src/LoRa.o
 .debug_info    0x0000000000000e50     0x103d Core/Src/main.o
 .debug_info    0x0000000000001e8d      0xd06 Core/Src/stm32l0xx_hal_msp.o
 .debug_info    0x0000000000002b93      0x179 Core/Src/stm32l0xx_it.o
 .debug_info    0x0000000000002d0c      0x390 Core/Src/system_stm32l0xx.o
 .debug_info    0x000000000000309c       0x22 Core/Startup/startup_stm32l073cztx.o
 .debug_info    0x00000000000030be      0x7f2 Drivers/STM32L0xx_HAL_Driver/Src/stm32l0xx_hal.o
 .debug_info    0x00000000000038b0      0x8e5 Drivers/STM32L0xx_HAL_Driver/Src/stm32l0xx_hal_cortex.o
 .debug_info    0x0000000000004195      0x6cb Drivers/STM32L0xx_HAL_Driver/Src/stm32l0xx_hal_gpio.o
 .debug_info    0x0000000000004860      0xe40 Drivers/STM32L0xx_HAL_Driver/Src/stm32l0xx_hal_pcd.o
 .debug_info    0x00000000000056a0      0x856 Drivers/STM32L0xx_HAL_Driver/Src/stm32l0xx_hal_pcd_ex.o
 .debug_info    0x0000000000005ef6      0x9a0 Drivers/STM32L0xx_HAL_Driver/Src/stm32l0xx_hal_rcc.o
 .debug_info    0x0000000000006896      0x824 Drivers/STM32L0xx_HAL_Driver/Src/stm32l0xx_hal_rcc_ex.o
 .debug_info    0x00000000000070ba     0x159d Drivers/STM32L0xx_HAL_Driver/Src/stm32l0xx_hal_spi.o
 .debug_info    0x0000000000008657     0x14d9 Drivers/STM32L0xx_HAL_Driver/Src/stm32l0xx_ll_usb.o

.debug_abbrev   0x0000000000000000     0x1b5a
 .debug_abbrev  0x0000000000000000      0x2cc Core/Src/LoRa.o
 .debug_abbrev  0x00000000000002cc      0x203 Core/Src/main.o
 .debug_abbrev  0x00000000000004cf      0x1b7 Core/Src/stm32l0xx_hal_msp.o
 .debug_abbrev  0x0000000000000686       0xac Core/Src/stm32l0xx_it.o
 .debug_abbrev  0x0000000000000732      0x111 Core/Src/system_stm32l0xx.o
 .debug_abbrev  0x0000000000000843       0x12 Core/Startup/startup_stm32l073cztx.o
 .debug_abbrev  0x0000000000000855      0x219 Drivers/STM32L0xx_HAL_Driver/Src/stm32l0xx_hal.o
 .debug_abbrev  0x0000000000000a6e      0x261 Drivers/STM32L0xx_HAL_Driver/Src/stm32l0xx_hal_cortex.o
 .debug_abbrev  0x0000000000000ccf      0x1c0 Drivers/STM32L0xx_HAL_Driver/Src/stm32l0xx_hal_gpio.o
 .debug_abbrev  0x0000000000000e8f      0x263 Drivers/STM32L0xx_HAL_Driver/Src/stm32l0xx_hal_pcd.o
 .debug_abbrev  0x00000000000010f2      0x1eb Drivers/STM32L0xx_HAL_Driver/Src/stm32l0xx_hal_pcd_ex.o
 .debug_abbrev  0x00000000000012dd      0x21a Drivers/STM32L0xx_HAL_Driver/Src/stm32l0xx_hal_rcc.o
 .debug_abbrev  0x00000000000014f7      0x1ea Drivers/STM32L0xx_HAL_Driver/Src/stm32l0xx_hal_rcc_ex.o
 .debug_abbrev  0x00000000000016e1      0x240 Drivers/STM32L0xx_HAL_Driver/Src/stm32l0xx_hal_spi.o
 .debug_abbrev  0x0000000000001921      0x239 Drivers/STM32L0xx_HAL_Driver/Src/stm32l0xx_ll_usb.o

.debug_aranges  0x0000000000000000      0x990
 .debug_aranges
                0x0000000000000000       0xd0 Core/Src/LoRa.o
 .debug_aranges
                0x00000000000000d0       0x48 Core/Src/main.o
 .debug_aranges
                0x0000000000000118       0x40 Core/Src/stm32l0xx_hal_msp.o
 .debug_aranges
                0x0000000000000158       0x40 Core/Src/stm32l0xx_it.o
 .debug_aranges
                0x0000000000000198       0x28 Core/Src/system_stm32l0xx.o
 .debug_aranges
                0x00000000000001c0       0x28 Core/Startup/startup_stm32l073cztx.o
 .debug_aranges
                0x00000000000001e8       0xf8 Drivers/STM32L0xx_HAL_Driver/Src/stm32l0xx_hal.o
 .debug_aranges
                0x00000000000002e0       0xd8 Drivers/STM32L0xx_HAL_Driver/Src/stm32l0xx_hal_cortex.o
 .debug_aranges
                0x00000000000003b8       0x58 Drivers/STM32L0xx_HAL_Driver/Src/stm32l0xx_hal_gpio.o
 .debug_aranges
                0x0000000000000410      0x120 Drivers/STM32L0xx_HAL_Driver/Src/stm32l0xx_hal_pcd.o
 .debug_aranges
                0x0000000000000530       0x58 Drivers/STM32L0xx_HAL_Driver/Src/stm32l0xx_hal_pcd_ex.o
 .debug_aranges
                0x0000000000000588       0x80 Drivers/STM32L0xx_HAL_Driver/Src/stm32l0xx_hal_rcc.o
 .debug_aranges
                0x0000000000000608       0xb0 Drivers/STM32L0xx_HAL_Driver/Src/stm32l0xx_hal_rcc_ex.o
 .debug_aranges
                0x00000000000006b8      0x1d0 Drivers/STM32L0xx_HAL_Driver/Src/stm32l0xx_hal_spi.o
 .debug_aranges
                0x0000000000000888      0x108 Drivers/STM32L0xx_HAL_Driver/Src/stm32l0xx_ll_usb.o

.debug_ranges   0x0000000000000000      0x8a8
 .debug_ranges  0x0000000000000000       0xc0 Core/Src/LoRa.o
 .debug_ranges  0x00000000000000c0       0x38 Core/Src/main.o
 .debug_ranges  0x00000000000000f8       0x30 Core/Src/stm32l0xx_hal_msp.o
 .debug_ranges  0x0000000000000128       0x30 Core/Src/stm32l0xx_it.o
 .debug_ranges  0x0000000000000158       0x18 Core/Src/system_stm32l0xx.o
 .debug_ranges  0x0000000000000170       0x20 Core/Startup/startup_stm32l073cztx.o
 .debug_ranges  0x0000000000000190       0xe8 Drivers/STM32L0xx_HAL_Driver/Src/stm32l0xx_hal.o
 .debug_ranges  0x0000000000000278       0xc8 Drivers/STM32L0xx_HAL_Driver/Src/stm32l0xx_hal_cortex.o
 .debug_ranges  0x0000000000000340       0x48 Drivers/STM32L0xx_HAL_Driver/Src/stm32l0xx_hal_gpio.o
 .debug_ranges  0x0000000000000388      0x110 Drivers/STM32L0xx_HAL_Driver/Src/stm32l0xx_hal_pcd.o
 .debug_ranges  0x0000000000000498       0x48 Drivers/STM32L0xx_HAL_Driver/Src/stm32l0xx_hal_pcd_ex.o
 .debug_ranges  0x00000000000004e0       0x70 Drivers/STM32L0xx_HAL_Driver/Src/stm32l0xx_hal_rcc.o
 .debug_ranges  0x0000000000000550       0xa0 Drivers/STM32L0xx_HAL_Driver/Src/stm32l0xx_hal_rcc_ex.o
 .debug_ranges  0x00000000000005f0      0x1c0 Drivers/STM32L0xx_HAL_Driver/Src/stm32l0xx_hal_spi.o
 .debug_ranges  0x00000000000007b0       0xf8 Drivers/STM32L0xx_HAL_Driver/Src/stm32l0xx_ll_usb.o

.debug_macro    0x0000000000000000    0x13647
 .debug_macro   0x0000000000000000      0x1d2 Core/Src/LoRa.o
 .debug_macro   0x00000000000001d2      0xa48 Core/Src/LoRa.o
 .debug_macro   0x0000000000000c1a       0xa1 Core/Src/LoRa.o
 .debug_macro   0x0000000000000cbb       0x2e Core/Src/LoRa.o
 .debug_macro   0x0000000000000ce9       0x28 Core/Src/LoRa.o
 .debug_macro   0x0000000000000d11       0x22 Core/Src/LoRa.o
 .debug_macro   0x0000000000000d33       0x8e Core/Src/LoRa.o
 .debug_macro   0x0000000000000dc1       0x51 Core/Src/LoRa.o
 .debug_macro   0x0000000000000e12       0xef Core/Src/LoRa.o
 .debug_macro   0x0000000000000f01       0x6a Core/Src/LoRa.o
 .debug_macro   0x0000000000000f6b      0x1df Core/Src/LoRa.o
 .debug_macro   0x000000000000114a       0x34 Core/Src/LoRa.o
 .debug_macro   0x000000000000117e       0x26 Core/Src/LoRa.o
 .debug_macro   0x00000000000011a4      0x44f Core/Src/LoRa.o
 .debug_macro   0x00000000000015f3     0xa43e Core/Src/LoRa.o
 .debug_macro   0x000000000000ba31       0x3c Core/Src/LoRa.o
 .debug_macro   0x000000000000ba6d     0x352c Core/Src/LoRa.o
 .debug_macro   0x000000000000ef99      0x174 Core/Src/LoRa.o
 .debug_macro   0x000000000000f10d       0x5b Core/Src/LoRa.o
 .debug_macro   0x000000000000f168      0x8e4 Core/Src/LoRa.o
 .debug_macro   0x000000000000fa4c      0xbb4 Core/Src/LoRa.o
 .debug_macro   0x0000000000010600      0x13f Core/Src/LoRa.o
 .debug_macro   0x000000000001073f      0x1d1 Core/Src/LoRa.o
 .debug_macro   0x0000000000010910      0x28e Core/Src/LoRa.o
 .debug_macro   0x0000000000010b9e      0x1e9 Core/Src/LoRa.o
 .debug_macro   0x0000000000010d87      0x13e Core/Src/LoRa.o
 .debug_macro   0x0000000000010ec5      0x4b5 Core/Src/LoRa.o
 .debug_macro   0x000000000001137a      0x22c Core/Src/LoRa.o
 .debug_macro   0x00000000000115a6       0x5b Core/Src/LoRa.o
 .debug_macro   0x0000000000011601       0xa5 Core/Src/LoRa.o
 .debug_macro   0x00000000000116a6      0x18d Core/Src/LoRa.o
 .debug_macro   0x0000000000011833       0x16 Core/Src/LoRa.o
 .debug_macro   0x0000000000011849      0x22c Core/Src/LoRa.o
 .debug_macro   0x0000000000011a75       0x57 Core/Src/LoRa.o
 .debug_macro   0x0000000000011acc      0x25e Core/Src/LoRa.o
 .debug_macro   0x0000000000011d2a      0x199 Core/Src/LoRa.o
 .debug_macro   0x0000000000011ec3      0x1d2 Core/Src/main.o
 .debug_macro   0x0000000000012095      0x1c8 Core/Src/stm32l0xx_hal_msp.o
 .debug_macro   0x000000000001225d      0x1d2 Core/Src/stm32l0xx_it.o
 .debug_macro   0x000000000001242f      0x1c4 Core/Src/system_stm32l0xx.o
 .debug_macro   0x00000000000125f3      0x1e2 Drivers/STM32L0xx_HAL_Driver/Src/stm32l0xx_hal.o
 .debug_macro   0x00000000000127d5      0x1be Drivers/STM32L0xx_HAL_Driver/Src/stm32l0xx_hal_cortex.o
 .debug_macro   0x0000000000012993      0x1f6 Drivers/STM32L0xx_HAL_Driver/Src/stm32l0xx_hal_gpio.o
 .debug_macro   0x0000000000012b89      0x1ca Drivers/STM32L0xx_HAL_Driver/Src/stm32l0xx_hal_pcd.o
 .debug_macro   0x0000000000012d53      0x1be Drivers/STM32L0xx_HAL_Driver/Src/stm32l0xx_hal_pcd_ex.o
 .debug_macro   0x0000000000012f11      0x1f4 Drivers/STM32L0xx_HAL_Driver/Src/stm32l0xx_hal_rcc.o
 .debug_macro   0x0000000000013105      0x1be Drivers/STM32L0xx_HAL_Driver/Src/stm32l0xx_hal_rcc_ex.o
 .debug_macro   0x00000000000132c3      0x1c6 Drivers/STM32L0xx_HAL_Driver/Src/stm32l0xx_hal_spi.o
 .debug_macro   0x0000000000013489      0x1be Drivers/STM32L0xx_HAL_Driver/Src/stm32l0xx_ll_usb.o

.debug_line     0x0000000000000000     0x84f4
 .debug_line    0x0000000000000000      0x96b Core/Src/LoRa.o
 .debug_line    0x000000000000096b      0x796 Core/Src/main.o
 .debug_line    0x0000000000001101      0x73f Core/Src/stm32l0xx_hal_msp.o
 .debug_line    0x0000000000001840      0x73e Core/Src/stm32l0xx_it.o
 .debug_line    0x0000000000001f7e      0x718 Core/Src/system_stm32l0xx.o
 .debug_line    0x0000000000002696       0x8a Core/Startup/startup_stm32l073cztx.o
 .debug_line    0x0000000000002720      0x8f5 Drivers/STM32L0xx_HAL_Driver/Src/stm32l0xx_hal.o
 .debug_line    0x0000000000003015      0x923 Drivers/STM32L0xx_HAL_Driver/Src/stm32l0xx_hal_cortex.o
 .debug_line    0x0000000000003938      0x88b Drivers/STM32L0xx_HAL_Driver/Src/stm32l0xx_hal_gpio.o
 .debug_line    0x00000000000041c3      0xb80 Drivers/STM32L0xx_HAL_Driver/Src/stm32l0xx_hal_pcd.o
 .debug_line    0x0000000000004d43      0x7ad Drivers/STM32L0xx_HAL_Driver/Src/stm32l0xx_hal_pcd_ex.o
 .debug_line    0x00000000000054f0      0x9a9 Drivers/STM32L0xx_HAL_Driver/Src/stm32l0xx_hal_rcc.o
 .debug_line    0x0000000000005e99      0xa23 Drivers/STM32L0xx_HAL_Driver/Src/stm32l0xx_hal_rcc_ex.o
 .debug_line    0x00000000000068bc     0x10a6 Drivers/STM32L0xx_HAL_Driver/Src/stm32l0xx_hal_spi.o
 .debug_line    0x0000000000007962      0xb92 Drivers/STM32L0xx_HAL_Driver/Src/stm32l0xx_ll_usb.o

.debug_str      0x0000000000000000    0x77d96
 .debug_str     0x0000000000000000    0x75780 Core/Src/LoRa.o
                                      0x75af2 (size before relaxing)
 .debug_str     0x0000000000075780      0x694 Core/Src/main.o
                                      0x75de1 (size before relaxing)
 .debug_str     0x0000000000075e14       0x7a Core/Src/stm32l0xx_hal_msp.o
                                      0x75b1d (size before relaxing)
 .debug_str     0x0000000000075e8e       0x76 Core/Src/stm32l0xx_it.o
                                      0x75319 (size before relaxing)
 .debug_str     0x0000000000075f04       0x9c Core/Src/system_stm32l0xx.o
                                      0x753d7 (size before relaxing)
 .debug_str     0x0000000000075fa0       0x36 Core/Startup/startup_stm32l073cztx.o
                                         0x52 (size before relaxing)
 .debug_str     0x0000000000075fd6      0x54b Drivers/STM32L0xx_HAL_Driver/Src/stm32l0xx_hal.o
                                      0x75a12 (size before relaxing)
 .debug_str     0x0000000000076521      0x29d Drivers/STM32L0xx_HAL_Driver/Src/stm32l0xx_hal_cortex.o
                                      0x75845 (size before relaxing)
 .debug_str     0x00000000000767be      0x247 Drivers/STM32L0xx_HAL_Driver/Src/stm32l0xx_hal_gpio.o
                                      0x75687 (size before relaxing)
 .debug_str     0x0000000000076a05      0x368 Drivers/STM32L0xx_HAL_Driver/Src/stm32l0xx_hal_pcd.o
                                      0x75a32 (size before relaxing)
 .debug_str     0x0000000000076d6d      0x1c6 Drivers/STM32L0xx_HAL_Driver/Src/stm32l0xx_hal_pcd_ex.o
                                      0x7585b (size before relaxing)
 .debug_str     0x0000000000076f33      0x2d2 Drivers/STM32L0xx_HAL_Driver/Src/stm32l0xx_hal_rcc.o
                                      0x758ad (size before relaxing)
 .debug_str     0x0000000000077205      0x358 Drivers/STM32L0xx_HAL_Driver/Src/stm32l0xx_hal_rcc_ex.o
                                      0x75873 (size before relaxing)
 .debug_str     0x000000000007755d      0x533 Drivers/STM32L0xx_HAL_Driver/Src/stm32l0xx_hal_spi.o
                                      0x75c34 (size before relaxing)
 .debug_str     0x0000000000077a90      0x306 Drivers/STM32L0xx_HAL_Driver/Src/stm32l0xx_ll_usb.o
                                      0x75841 (size before relaxing)

.comment        0x0000000000000000       0x7b
 .comment       0x0000000000000000       0x7b Core/Src/LoRa.o
                                         0x7c (size before relaxing)
 .comment       0x000000000000007b       0x7c Core/Src/main.o
 .comment       0x000000000000007b       0x7c Core/Src/stm32l0xx_hal_msp.o
 .comment       0x000000000000007b       0x7c Core/Src/stm32l0xx_it.o
 .comment       0x000000000000007b       0x7c Core/Src/system_stm32l0xx.o
 .comment       0x000000000000007b       0x7c Drivers/STM32L0xx_HAL_Driver/Src/stm32l0xx_hal.o
 .comment       0x000000000000007b       0x7c Drivers/STM32L0xx_HAL_Driver/Src/stm32l0xx_hal_cortex.o
 .comment       0x000000000000007b       0x7c Drivers/STM32L0xx_HAL_Driver/Src/stm32l0xx_hal_gpio.o
 .comment       0x000000000000007b       0x7c Drivers/STM32L0xx_HAL_Driver/Src/stm32l0xx_hal_pcd.o
 .comment       0x000000000000007b       0x7c Drivers/STM32L0xx_HAL_Driver/Src/stm32l0xx_hal_pcd_ex.o
 .comment       0x000000000000007b       0x7c Drivers/STM32L0xx_HAL_Driver/Src/stm32l0xx_hal_rcc.o
 .comment       0x000000000000007b       0x7c Drivers/STM32L0xx_HAL_Driver/Src/stm32l0xx_hal_rcc_ex.o
 .comment       0x000000000000007b       0x7c Drivers/STM32L0xx_HAL_Driver/Src/stm32l0xx_hal_spi.o
 .comment       0x000000000000007b       0x7c Drivers/STM32L0xx_HAL_Driver/Src/stm32l0xx_ll_usb.o

.debug_frame    0x0000000000000000     0x215c
 .debug_frame   0x0000000000000000      0x2d4 Core/Src/LoRa.o
 .debug_frame   0x00000000000002d4       0xc4 Core/Src/main.o
 .debug_frame   0x0000000000000398       0xac Core/Src/stm32l0xx_hal_msp.o
 .debug_frame   0x0000000000000444       0x9c Core/Src/stm32l0xx_it.o
 .debug_frame   0x00000000000004e0       0x4c Core/Src/system_stm32l0xx.o
 .debug_frame   0x000000000000052c      0x338 Drivers/STM32L0xx_HAL_Driver/Src/stm32l0xx_hal.o
 .debug_frame   0x0000000000000864      0x2fc Drivers/STM32L0xx_HAL_Driver/Src/stm32l0xx_hal_cortex.o
 .debug_frame   0x0000000000000b60      0x110 Drivers/STM32L0xx_HAL_Driver/Src/stm32l0xx_hal_gpio.o
 .debug_frame   0x0000000000000c70      0x434 Drivers/STM32L0xx_HAL_Driver/Src/stm32l0xx_hal_pcd.o
 .debug_frame   0x00000000000010a4      0x110 Drivers/STM32L0xx_HAL_Driver/Src/stm32l0xx_hal_pcd_ex.o
 .debug_frame   0x00000000000011b4      0x1a4 Drivers/STM32L0xx_HAL_Driver/Src/stm32l0xx_hal_rcc.o
 .debug_frame   0x0000000000001358      0x244 Drivers/STM32L0xx_HAL_Driver/Src/stm32l0xx_hal_rcc_ex.o
 .debug_frame   0x000000000000159c      0x6f0 Drivers/STM32L0xx_HAL_Driver/Src/stm32l0xx_hal_spi.o
 .debug_frame   0x0000000000001c8c      0x3e0 Drivers/STM32L0xx_HAL_Driver/Src/stm32l0xx_ll_usb.o
 .debug_frame   0x000000000000206c       0x2c c:/users/miked/stm32cubeide_1.3.0/stm32cubeide/plugins/com.st.stm32cube.ide.mcu.externaltools.gnu-tools-for-stm32.7-2018-q2-update.win32_1.0.0.201904181610/tools/bin/../lib/gcc/arm-none-eabi/7.3.1/../../../../arm-none-eabi/lib/thumb/v6-m\libc_nano.a(lib_a-init.o)
 .debug_frame   0x0000000000002098       0x28 c:/users/miked/stm32cubeide_1.3.0/stm32cubeide/plugins/com.st.stm32cube.ide.mcu.externaltools.gnu-tools-for-stm32.7-2018-q2-update.win32_1.0.0.201904181610/tools/bin/../lib/gcc/arm-none-eabi/7.3.1/../../../../arm-none-eabi/lib/thumb/v6-m\libc_nano.a(lib_a-memcpy-stub.o)
 .debug_frame   0x00000000000020c0       0x20 c:/users/miked/stm32cubeide_1.3.0/stm32cubeide/plugins/com.st.stm32cube.ide.mcu.externaltools.gnu-tools-for-stm32.7-2018-q2-update.win32_1.0.0.201904181610/tools/bin/../lib/gcc/arm-none-eabi/7.3.1/../../../../arm-none-eabi/lib/thumb/v6-m\libc_nano.a(lib_a-memset.o)
 .debug_frame   0x00000000000020e0       0x20 c:/users/miked/stm32cubeide_1.3.0/stm32cubeide/plugins/com.st.stm32cube.ide.mcu.externaltools.gnu-tools-for-stm32.7-2018-q2-update.win32_1.0.0.201904181610/tools/bin/../lib/gcc/arm-none-eabi/7.3.1/thumb/v6-m\libgcc.a(_udivsi3.o)
 .debug_frame   0x0000000000002100       0x20 c:/users/miked/stm32cubeide_1.3.0/stm32cubeide/plugins/com.st.stm32cube.ide.mcu.externaltools.gnu-tools-for-stm32.7-2018-q2-update.win32_1.0.0.201904181610/tools/bin/../lib/gcc/arm-none-eabi/7.3.1/thumb/v6-m\libgcc.a(_divsi3.o)
 .debug_frame   0x0000000000002120       0x3c c:/users/miked/stm32cubeide_1.3.0/stm32cubeide/plugins/com.st.stm32cube.ide.mcu.externaltools.gnu-tools-for-stm32.7-2018-q2-update.win32_1.0.0.201904181610/tools/bin/../lib/gcc/arm-none-eabi/7.3.1/thumb/v6-m\libgcc.a(_udivmoddi4.o)
