LoRa.c:71:6:LoRa_Init	16	static
LoRa.c:104:6:LoRa_expMode	8	static
LoRa.c:111:6:SyncWordSet	16	static
LoRa.c:117:5:available	8	static
LoRa.c:122:6:LoRa_changePreamble	16	static
LoRa.c:129:10:parsePacket	32	static
LoRa.c:162:6:recive	72	dynamic
LoRa.c:175:9:ReadPackage	8	static
LoRa.c:182:9:headerPacket	16	static
LoRa.c:192:9:endPacket	8	static
LoRa.c:202:6:setTx	24	static
LoRa.c:230:6:setOCP	24	static
LoRa.c:239:6:Write_Massage	32	static
LoRa.c:251:6:LoRa_impMode	8	static
LoRa.c:258:6:LoRa_EnableCRC	8	static
LoRa.c:264:6:LoRa_DisableCRC	8	static
LoRa.c:270:6:LoRa_setFrequency	48	static
LoRa.c:280:6:LoRa_setSpreadingfactor	16	static
LoRa.c:295:9:isTransmitting	8	static
LoRa.c:312:6:LoRa_Sleep	8	static
LoRa.c:318:6:LoRa_STD	8	static
LoRa.c:329:6:LoRa_Write	16	static
LoRa.c:341:6:LoRa_Read	16	static
