LoRa.c:68:6:LoRa_Init	16	static
LoRa.c:79:6:LoRa_expMode	8	static
LoRa.c:88:5:available	8	static
LoRa.c:93:9:parsePacket	24	static
LoRa.c:124:9:headerPacket	16	static
LoRa.c:135:9:endPacket	8	static
LoRa.c:145:6:LoRa_impMode	8	static
LoRa.c:152:6:LoRa_EnableCRC	8	static
LoRa.c:158:6:LoRa_DisableCRC	8	static
LoRa.c:164:6:LoRa_setFrequency	48	static
LoRa.c:174:6:LoRa_setSpreadingfactor	16	static
LoRa.c:189:9:isTransmitting	8	static
LoRa.c:206:6:LoRa_Sleep	8	static
LoRa.c:212:6:LoRa_STD	8	static
LoRa.c:223:6:LoRa_Write	16	static
LoRa.c:235:6:LoRa_Read	16	static
